Archive member included to satisfy reference by file (symbol)

/usr/lib/gcc/arm-none-eabi/14.2.0/thumb/v6-m/nofp/libgcc.a(_udivsi3.o)
                              hpl/core/hpl_core_m0plus_base.o (__aeabi_uidiv)
/usr/lib/gcc/arm-none-eabi/14.2.0/thumb/v6-m/nofp/libgcc.a(_dvmd_tls.o)
                              /usr/lib/gcc/arm-none-eabi/14.2.0/thumb/v6-m/nofp/libgcc.a(_udivsi3.o) (__aeabi_idiv0)
/usr/lib/gcc/arm-none-eabi/14.2.0/../../../../arm-none-eabi/lib/thumb/v6-m/nofp/libc_nano.a(libc_a-atexit.o)
                              /usr/lib/gcc/arm-none-eabi/14.2.0/../../../../arm-none-eabi/lib/thumb/v6-m/nofp/crt0.o (atexit)
/usr/lib/gcc/arm-none-eabi/14.2.0/../../../../arm-none-eabi/lib/thumb/v6-m/nofp/libc_nano.a(libc_a-exit.o)
                              /usr/lib/gcc/arm-none-eabi/14.2.0/../../../../arm-none-eabi/lib/thumb/v6-m/nofp/crt0.o (exit)
/usr/lib/gcc/arm-none-eabi/14.2.0/../../../../arm-none-eabi/lib/thumb/v6-m/nofp/libc_nano.a(libc_a-findfp.o)
                              /usr/lib/gcc/arm-none-eabi/14.2.0/../../../../arm-none-eabi/lib/thumb/v6-m/nofp/libc_nano.a(libc_a-exit.o) (__stdio_exit_handler)
/usr/lib/gcc/arm-none-eabi/14.2.0/../../../../arm-none-eabi/lib/thumb/v6-m/nofp/libc_nano.a(libc_a-fwalk.o)
                              /usr/lib/gcc/arm-none-eabi/14.2.0/../../../../arm-none-eabi/lib/thumb/v6-m/nofp/libc_nano.a(libc_a-findfp.o) (_fwalk_sglue)
/usr/lib/gcc/arm-none-eabi/14.2.0/../../../../arm-none-eabi/lib/thumb/v6-m/nofp/libc_nano.a(libc_a-printf.o)
                              hal/utils/src/utils_syscalls.o (printf)
/usr/lib/gcc/arm-none-eabi/14.2.0/../../../../arm-none-eabi/lib/thumb/v6-m/nofp/libc_nano.a(libc_a-stdio.o)
                              /usr/lib/gcc/arm-none-eabi/14.2.0/../../../../arm-none-eabi/lib/thumb/v6-m/nofp/libc_nano.a(libc_a-findfp.o) (__sread)
/usr/lib/gcc/arm-none-eabi/14.2.0/../../../../arm-none-eabi/lib/thumb/v6-m/nofp/libc_nano.a(libc_a-memset.o)
                              /usr/lib/gcc/arm-none-eabi/14.2.0/../../../../arm-none-eabi/lib/thumb/v6-m/nofp/crt0.o (memset)
/usr/lib/gcc/arm-none-eabi/14.2.0/../../../../arm-none-eabi/lib/thumb/v6-m/nofp/libc_nano.a(libc_a-closer.o)
                              /usr/lib/gcc/arm-none-eabi/14.2.0/../../../../arm-none-eabi/lib/thumb/v6-m/nofp/libc_nano.a(libc_a-stdio.o) (_close_r)
/usr/lib/gcc/arm-none-eabi/14.2.0/../../../../arm-none-eabi/lib/thumb/v6-m/nofp/libc_nano.a(libc_a-reent.o)
                              /usr/lib/gcc/arm-none-eabi/14.2.0/../../../../arm-none-eabi/lib/thumb/v6-m/nofp/libc_nano.a(libc_a-closer.o) (errno)
/usr/lib/gcc/arm-none-eabi/14.2.0/../../../../arm-none-eabi/lib/thumb/v6-m/nofp/libc_nano.a(libc_a-impure.o)
                              /usr/lib/gcc/arm-none-eabi/14.2.0/../../../../arm-none-eabi/lib/thumb/v6-m/nofp/libc_nano.a(libc_a-printf.o) (_impure_ptr)
/usr/lib/gcc/arm-none-eabi/14.2.0/../../../../arm-none-eabi/lib/thumb/v6-m/nofp/libc_nano.a(libc_a-lseekr.o)
                              /usr/lib/gcc/arm-none-eabi/14.2.0/../../../../arm-none-eabi/lib/thumb/v6-m/nofp/libc_nano.a(libc_a-stdio.o) (_lseek_r)
/usr/lib/gcc/arm-none-eabi/14.2.0/../../../../arm-none-eabi/lib/thumb/v6-m/nofp/libc_nano.a(libc_a-readr.o)
                              /usr/lib/gcc/arm-none-eabi/14.2.0/../../../../arm-none-eabi/lib/thumb/v6-m/nofp/libc_nano.a(libc_a-stdio.o) (_read_r)
/usr/lib/gcc/arm-none-eabi/14.2.0/../../../../arm-none-eabi/lib/thumb/v6-m/nofp/libc_nano.a(libc_a-writer.o)
                              /usr/lib/gcc/arm-none-eabi/14.2.0/../../../../arm-none-eabi/lib/thumb/v6-m/nofp/libc_nano.a(libc_a-stdio.o) (_write_r)
/usr/lib/gcc/arm-none-eabi/14.2.0/../../../../arm-none-eabi/lib/thumb/v6-m/nofp/libc_nano.a(libc_a-init.o)
                              /usr/lib/gcc/arm-none-eabi/14.2.0/../../../../arm-none-eabi/lib/thumb/v6-m/nofp/crt0.o (__libc_init_array)
/usr/lib/gcc/arm-none-eabi/14.2.0/../../../../arm-none-eabi/lib/thumb/v6-m/nofp/libc_nano.a(libc_a-fini.o)
                              /usr/lib/gcc/arm-none-eabi/14.2.0/../../../../arm-none-eabi/lib/thumb/v6-m/nofp/crt0.o (__libc_fini_array)
/usr/lib/gcc/arm-none-eabi/14.2.0/../../../../arm-none-eabi/lib/thumb/v6-m/nofp/libc_nano.a(libc_a-lock.o)
                              /usr/lib/gcc/arm-none-eabi/14.2.0/../../../../arm-none-eabi/lib/thumb/v6-m/nofp/libc_nano.a(libc_a-findfp.o) (__retarget_lock_init_recursive)
/usr/lib/gcc/arm-none-eabi/14.2.0/../../../../arm-none-eabi/lib/thumb/v6-m/nofp/libc_nano.a(libc_a-__atexit.o)
                              /usr/lib/gcc/arm-none-eabi/14.2.0/../../../../arm-none-eabi/lib/thumb/v6-m/nofp/libc_nano.a(libc_a-atexit.o) (__register_exitproc)
/usr/lib/gcc/arm-none-eabi/14.2.0/../../../../arm-none-eabi/lib/thumb/v6-m/nofp/libc_nano.a(libc_a-__call_atexit.o)
                              /usr/lib/gcc/arm-none-eabi/14.2.0/../../../../arm-none-eabi/lib/thumb/v6-m/nofp/libc_nano.a(libc_a-__atexit.o) (__call_exitprocs)
[...]
Memory Configuration

Name             Origin             Length             Attributes
rom              0x00000000         0x00040000         xr
ram              0x20000000         0x00008000         xrw
*default*        0x00000000         0xffffffff

Linker script and memory map

LOAD /usr/lib/gcc/arm-none-eabi/14.2.0/thumb/v6-m/nofp/crti.o
LOAD /usr/lib/gcc/arm-none-eabi/14.2.0/thumb/v6-m/nofp/crtbegin.o
LOAD /usr/lib/gcc/arm-none-eabi/14.2.0/../../../../arm-none-eabi/lib/thumb/v6-m/nofp/crt0.o
LOAD hal/src/hal_io.o
LOAD samd21a/gcc/gcc/startup_samd21.o
LOAD hal/utils/src/utils_syscalls.o
LOAD hal/src/hal_delay.o
LOAD hpl/pm/hpl_pm.o
LOAD hpl/core/hpl_init.o
LOAD samd21a/gcc/system_samd21.o
LOAD hpl/core/hpl_core_m0plus_base.o
LOAD hal/utils/src/utils_assert.o
LOAD hpl/dmac/hpl_dmac.o
LOAD hpl/sysctrl/hpl_sysctrl.o
LOAD hpl/gclk/hpl_gclk.o
LOAD hal/src/hal_init.o
LOAD main.o
LOAD hal/utils/src/utils_list.o
LOAD examples/driver_examples.o
LOAD driver_init.o
LOAD hal/src/hal_gpio.o
LOAD hal/utils/src/utils_event.o
LOAD hal/src/hal_sleep.o
LOAD atmel_start.o
LOAD hal/src/hal_atomic.o
START GROUP
LOAD /usr/lib/gcc/arm-none-eabi/14.2.0/../../../../arm-none-eabi/lib/thumb/v6-m/nofp/libm.a
END GROUP
START GROUP
LOAD /usr/lib/gcc/arm-none-eabi/14.2.0/thumb/v6-m/nofp/libgcc.a
LOAD /usr/lib/gcc/arm-none-eabi/14.2.0/../../../../arm-none-eabi/lib/thumb/v6-m/nofp/libc_nano.a
END GROUP
START GROUP
LOAD /usr/lib/gcc/arm-none-eabi/14.2.0/thumb/v6-m/nofp/libgcc.a
LOAD /usr/lib/gcc/arm-none-eabi/14.2.0/../../../../arm-none-eabi/lib/thumb/v6-m/nofp/libc_nano.a
END GROUP
LOAD /usr/lib/gcc/arm-none-eabi/14.2.0/thumb/v6-m/nofp/crtend.o
LOAD /usr/lib/gcc/arm-none-eabi/14.2.0/thumb/v6-m/nofp/crtn.o
                0x00002000                        STACK_SIZE = DEFINED (STACK_SIZE)?STACK_SIZE:DEFINED (__stack_size__)?__stack_size__:0x2000

.text           0x00000000      0x5d8
                0x00000000                        . = ALIGN (0x4)
                0x00000000                        _sfixed = .
 *(.vectors .vectors.*)
 .vectors       0x00000000       0xb4 samd21a/gcc/gcc/startup_samd21.o
                0x00000000                exception_table
 *(.text .text.* .gnu.linkonce.t.*)
 .text.__do_global_dtors_aux
                0x000000b4       0x28 /usr/lib/gcc/arm-none-eabi/14.2.0/thumb/v6-m/nofp/crtbegin.o
 .text.frame_dummy
                0x000000dc       0x20 /usr/lib/gcc/arm-none-eabi/14.2.0/thumb/v6-m/nofp/crtbegin.o
 .text.Dummy_Handler
                0x000000fc        0x2 samd21a/gcc/gcc/startup_samd21.o
                0x000000fc                SVCall_Handler
                0x000000fc                DMAC_Handler
                0x000000fc                HardFault_Handler
                0x000000fc                AC_Handler
                0x000000fc                SysTick_Handler
                0x000000fc                PendSV_Handler
                0x000000fc                SERCOM1_Handler
                0x000000fc                ADC_Handler
                0x000000fc                NonMaskableInt_Handler
                0x000000fc                TCC1_Handler
                0x000000fc                SERCOM2_Handler
                0x000000fc                TCC0_Handler
                0x000000fc                RTC_Handler
                0x000000fc                EIC_Handler
                0x000000fc                WDT_Handler
                0x000000fc                TC4_Handler
                0x000000fc                USB_Handler
                0x000000fc                TC3_Handler
                0x000000fc                Dummy_Handler
                0x000000fc                PM_Handler
                0x000000fc                SERCOM5_Handler
                0x000000fc                TCC2_Handler
                0x000000fc                EVSYS_Handler
                0x000000fc                SERCOM3_Handler
                0x000000fc                SERCOM4_Handler
                0x000000fc                I2S_Handler
                0x000000fc                NVMCTRL_Handler
                0x000000fc                SERCOM0_Handler
                0x000000fc                DAC_Handler
                0x000000fc                PTC_Handler
                0x000000fc                TC5_Handler
                0x000000fc                SYSCTRL_Handler
 *fill*         0x000000fe        0x2 
 .text.Reset_Handler
                0x00000100       0xb4 samd21a/gcc/gcc/startup_samd21.o
                0x00000100                Reset_Handler
 .text.delay_ms
                0x000001b4       0x20 hal/src/hal_delay.o
                0x000001b4                delay_ms
 .text._pm_init
                0x000001d4       0x20 hpl/pm/hpl_pm.o
                0x000001d4                _pm_init
 .text._init_chip
                0x000001f4       0x30 hpl/core/hpl_init.o
                0x000001f4                _init_chip
 .text._get_cycles_for_ms
                0x00000224       0x18 hpl/core/hpl_core_m0plus_base.o
                0x00000224                _get_cycles_for_ms
 .text._delay_cycles
                0x0000023c        0x6 hpl/core/hpl_core_m0plus_base.o
                0x0000023c                _delay_cycles
 *fill*         0x00000242        0x2 
 .text._sysctrl_init_sources
                0x00000244       0x44 hpl/sysctrl/hpl_sysctrl.o
                0x00000244                _sysctrl_init_sources
 .text._sysctrl_init_referenced_generators
                0x00000288       0x10 hpl/sysctrl/hpl_sysctrl.o
                0x00000288                _sysctrl_init_referenced_generators
 .text._gclk_init_generators_by_fref
                0x00000298       0x20 hpl/gclk/hpl_gclk.o
                0x00000298                _gclk_init_generators_by_fref
 .text.startup.main
                0x000002b8       0x24 main.o
                0x000002b8                main
 .text.gpio_set_pin_direction
                0x000002dc       0x58 driver_init.o
 .text._gpio_set_pin_function.constprop.0
                0x00000334       0x1c driver_init.o
 .text.system_init
                0x00000350      0x184 driver_init.o
                0x00000350                system_init
 .text.atmel_start_init
                0x000004d4        0xc atmel_start.o
                0x000004d4                atmel_start_init
 .text          0x000004e0       0x8c /usr/lib/gcc/arm-none-eabi/14.2.0/thumb/v6-m/nofp/libgcc.a(_udivsi3.o)
                0x000004e0                __udivsi3
                0x000004e0                __aeabi_uidiv
                0x00000558                __aeabi_uidivmod
 .text          0x0000056c        0x4 /usr/lib/gcc/arm-none-eabi/14.2.0/thumb/v6-m/nofp/libgcc.a(_dvmd_tls.o)
                0x0000056c                __aeabi_ldiv0
                0x0000056c                __aeabi_idiv0
 .text.__libc_init_array
                0x00000570       0x48 /usr/lib/gcc/arm-none-eabi/14.2.0/../../../../arm-none-eabi/lib/thumb/v6-m/nofp/libc_nano.a(libc_a-init.o)
                0x00000570                __libc_init_array
 *(.glue_7t)
 .glue_7t       0x000005b8        0x0 linker stubs
 *(.glue_7)
 .glue_7        0x000005b8        0x0 linker stubs
 *(.rodata .rodata* .gnu.linkonce.r.*)
 *(.ARM.extab* .gnu.linkonce.armextab.*)
                0x000005b8                        . = ALIGN (0x4)
 *(.init)
 .init          0x000005b8        0x4 /usr/lib/gcc/arm-none-eabi/14.2.0/thumb/v6-m/nofp/crti.o
                0x000005b8                _init
 .init          0x000005bc        0x8 /usr/lib/gcc/arm-none-eabi/14.2.0/thumb/v6-m/nofp/crtn.o
                0x000005c4                        . = ALIGN (0x4)
                0x000005c4                        __preinit_array_start = .
 *(.preinit_array)
                0x000005c4                        __preinit_array_end = .
                0x000005c4                        . = ALIGN (0x4)
                0x000005c4                        __init_array_start = .
 *(SORT_BY_NAME(.init_array.*))
 *(.init_array)
 .init_array    0x000005c4        0x4 /usr/lib/gcc/arm-none-eabi/14.2.0/thumb/v6-m/nofp/crtbegin.o
                0x000005c8                        __init_array_end = .
                0x000005c8                        . = ALIGN (0x4)
 *crtbegin.o(.ctors)
 *(EXCLUDE_FILE(*crtend.o) .ctors)
 *(SORT_BY_NAME(.ctors.*))
 *crtend.o(.ctors)
                0x000005c8                        . = ALIGN (0x4)
 *(.fini)
 .fini          0x000005c8        0x4 /usr/lib/gcc/arm-none-eabi/14.2.0/thumb/v6-m/nofp/crti.o
                0x000005c8                _fini
 .fini          0x000005cc        0x8 /usr/lib/gcc/arm-none-eabi/14.2.0/thumb/v6-m/nofp/crtn.o
                0x000005d4                        . = ALIGN (0x4)
                0x000005d4                        __fini_array_start = .
 *(.fini_array)
 .fini_array    0x000005d4        0x4 /usr/lib/gcc/arm-none-eabi/14.2.0/thumb/v6-m/nofp/crtbegin.o
 *(SORT_BY_NAME(.fini_array.*))
                0x000005d8                        __fini_array_end = .
 *crtbegin.o(.dtors)
 *(EXCLUDE_FILE(*crtend.o) .dtors)
 *(SORT_BY_NAME(.dtors.*))
 *crtend.o(.dtors)
                0x000005d8                        . = ALIGN (0x4)
                0x000005d8                        _efixed = .
                [!provide]                        PROVIDE (__exidx_start = .)

.vfp11_veneer   0x000005d8        0x0
 .vfp11_veneer  0x000005d8        0x0 linker stubs

.v4_bx          0x000005d8        0x0
 .v4_bx         0x000005d8        0x0 linker stubs

.iplt           0x000005d8        0x0
 .iplt          0x000005d8        0x0 /usr/lib/gcc/arm-none-eabi/14.2.0/thumb/v6-m/nofp/crtbegin.o

.igot.plt       0x000005d8        0x0
 .igot.plt      0x000005d8        0x0 /usr/lib/gcc/arm-none-eabi/14.2.0/thumb/v6-m/nofp/crtbegin.o

.eh_frame       0x000005d8        0x0
 .eh_frame      0x000005d8        0x0 /usr/lib/gcc/arm-none-eabi/14.2.0/thumb/v6-m/nofp/crtbegin.o

.rel.dyn        0x000005d8        0x0
 .rel.iplt      0x000005d8        0x0 /usr/lib/gcc/arm-none-eabi/14.2.0/thumb/v6-m/nofp/crtbegin.o

.ARM.exidx
 *(.ARM.exidx* .gnu.linkonce.armexidx.*)
                [!provide]                        PROVIDE (__exidx_end = .)
                0x000005d8                        . = ALIGN (0x4)
                0x000005d8                        _etext = .

.relocate       0x20000000        0x0 load address 0x000005d8
                0x20000000                        . = ALIGN (0x4)
                0x20000000                        _srelocate = .
 *(.ramfunc .ramfunc.*)
 *(.data .data.*)
                0x20000000                        . = ALIGN (0x4)
                0x20000000                        _erelocate = .

.bss            0x20000000       0x20
                0x20000000                        . = ALIGN (0x4)
                0x20000000                        _sbss = .
                0x20000000                        _szero = .
 *(.bss .bss.*)
 .bss.completed.1
                0x20000000        0x1 /usr/lib/gcc/arm-none-eabi/14.2.0/thumb/v6-m/nofp/crtbegin.o
 *fill*         0x20000001        0x3 
 .bss.object.0  0x20000004       0x18 /usr/lib/gcc/arm-none-eabi/14.2.0/thumb/v6-m/nofp/crtbegin.o
 .bss           0x2000001c        0x4 hal/src/hal_delay.o
 *(COMMON)
                0x20000020                        . = ALIGN (0x4)
                0x20000020                        _ebss = .
                0x20000020                        _ezero = .

.stack          0x20000020     0x2000
                0x20000020                        . = ALIGN (0x8)
                0x20000020                        _sstack = .
                0x20002020                        . = (. + STACK_SIZE)
 *fill*         0x20000020     0x2000 
                0x20002020                        . = ALIGN (0x8)
                0x20002020                        _estack = .
                0x20002020                        . = ALIGN (0x4)
                0x20002020                        _end = .
OUTPUT(AtmelStart.elf elf32-littlearm)
LOAD linker stubs

.ARM.attributes
                0x00000000       0x28
 .ARM.attributes
                0x00000000       0x1e /usr/lib/gcc/arm-none-eabi/14.2.0/thumb/v6-m/nofp/crti.o
 .ARM.attributes
                0x0000001e       0x2c /usr/lib/gcc/arm-none-eabi/14.2.0/thumb/v6-m/nofp/crtbegin.o
 .ARM.attributes
                0x0000004a       0x2c samd21a/gcc/gcc/startup_samd21.o
 .ARM.attributes
                0x00000076       0x2c hal/src/hal_delay.o
 .ARM.attributes
                0x000000a2       0x2c hpl/pm/hpl_pm.o
 .ARM.attributes
                0x000000ce       0x2c hpl/core/hpl_init.o
 .ARM.attributes
                0x000000fa       0x2c hpl/core/hpl_core_m0plus_base.o
 .ARM.attributes
                0x00000126       0x2c hpl/sysctrl/hpl_sysctrl.o
 .ARM.attributes
                0x00000152       0x2c hpl/gclk/hpl_gclk.o
 .ARM.attributes
                0x0000017e       0x2c main.o
 .ARM.attributes
                0x000001aa       0x2c driver_init.o
 .ARM.attributes
                0x000001d6       0x2c atmel_start.o
 .ARM.attributes
                0x00000202       0x1e /usr/lib/gcc/arm-none-eabi/14.2.0/thumb/v6-m/nofp/libgcc.a(_udivsi3.o)
 .ARM.attributes
                0x00000220       0x1e /usr/lib/gcc/arm-none-eabi/14.2.0/thumb/v6-m/nofp/libgcc.a(_dvmd_tls.o)
 .ARM.attributes
                0x0000023e       0x2c /usr/lib/gcc/arm-none-eabi/14.2.0/../../../../arm-none-eabi/lib/thumb/v6-m/nofp/libc_nano.a(libc_a-init.o)
 .ARM.attributes
                0x0000026a       0x1e /usr/lib/gcc/arm-none-eabi/14.2.0/thumb/v6-m/nofp/crtn.o

.comment        0x00000000       0x1e
 .comment       0x00000000       0x1e samd21a/gcc/gcc/startup_samd21.o
                                 0x1f (size before relaxing)
 .comment       0x0000001e       0x1f hal/src/hal_delay.o
 .comment       0x0000001e       0x1f hpl/pm/hpl_pm.o
 .comment       0x0000001e       0x1f hpl/core/hpl_init.o
 .comment       0x0000001e       0x1f hpl/core/hpl_core_m0plus_base.o
 .comment       0x0000001e       0x1f hpl/sysctrl/hpl_sysctrl.o
 .comment       0x0000001e       0x1f hpl/gclk/hpl_gclk.o
 .comment       0x0000001e       0x1f main.o
 .comment       0x0000001e       0x1f driver_init.o
 .comment       0x0000001e       0x1f atmel_start.o
 .comment       0x0000001e       0x1f /usr/lib/gcc/arm-none-eabi/14.2.0/../../../../arm-none-eabi/lib/thumb/v6-m/nofp/libc_nano.a(libc_a-init.o)

.debug_info     0x00000000     0x949c
 .debug_info    0x00000000     0x35fc samd21a/gcc/gcc/startup_samd21.o
 .debug_info    0x000035fc      0x202 hal/src/hal_delay.o
 .debug_info    0x000037fe      0xb48 hpl/pm/hpl_pm.o
 .debug_info    0x00004346      0x5c5 hpl/core/hpl_init.o
 .debug_info    0x0000490b      0x876 hpl/core/hpl_core_m0plus_base.o
 .debug_info    0x00005181     0x1129 hpl/sysctrl/hpl_sysctrl.o
 .debug_info    0x000062aa      0x493 hpl/gclk/hpl_gclk.o
 .debug_info    0x0000673d      0x7a9 main.o
 .debug_info    0x00006ee6     0x239d driver_init.o
 .debug_info    0x00009283       0x95 atmel_start.o
 .debug_info    0x00009318       0x3d /usr/lib/gcc/arm-none-eabi/14.2.0/thumb/v6-m/nofp/libgcc.a(_udivsi3.o)
 .debug_info    0x00009355       0x3c /usr/lib/gcc/arm-none-eabi/14.2.0/thumb/v6-m/nofp/libgcc.a(_dvmd_tls.o)
 .debug_info    0x00009391      0x10b /usr/lib/gcc/arm-none-eabi/14.2.0/../../../../arm-none-eabi/lib/thumb/v6-m/nofp/libc_nano.a(libc_a-init.o)

.debug_abbrev   0x00000000     0x1745
 .debug_abbrev  0x00000000      0x2b3 samd21a/gcc/gcc/startup_samd21.o
 .debug_abbrev  0x000002b3      0x114 hal/src/hal_delay.o
 .debug_abbrev  0x000003c7      0x277 hpl/pm/hpl_pm.o
 .debug_abbrev  0x0000063e      0x1fb hpl/core/hpl_init.o
 .debug_abbrev  0x00000839      0x325 hpl/core/hpl_core_m0plus_base.o
 .debug_abbrev  0x00000b5e      0x242 hpl/sysctrl/hpl_sysctrl.o
 .debug_abbrev  0x00000da0      0x202 hpl/gclk/hpl_gclk.o
 .debug_abbrev  0x00000fa2      0x27a main.o
 .debug_abbrev  0x0000121c      0x3b1 driver_init.o
 .debug_abbrev  0x000015cd       0x61 atmel_start.o
 .debug_abbrev  0x0000162e       0x28 /usr/lib/gcc/arm-none-eabi/14.2.0/thumb/v6-m/nofp/libgcc.a(_udivsi3.o)
 .debug_abbrev  0x00001656       0x26 /usr/lib/gcc/arm-none-eabi/14.2.0/thumb/v6-m/nofp/libgcc.a(_dvmd_tls.o)
 .debug_abbrev  0x0000167c       0xc9 /usr/lib/gcc/arm-none-eabi/14.2.0/../../../../arm-none-eabi/lib/thumb/v6-m/nofp/libc_nano.a(libc_a-init.o)

.debug_loclists
                0x00000000     0x12d1
 .debug_loclists
                0x00000000       0x41 samd21a/gcc/gcc/startup_samd21.o
 .debug_loclists
                0x00000041       0x63 hal/src/hal_delay.o
 .debug_loclists
                0x000000a4       0xc7 hpl/pm/hpl_pm.o
 .debug_loclists
                0x0000016b       0x28 hpl/core/hpl_init.o
 .debug_loclists
                0x00000193      0x1d3 hpl/core/hpl_core_m0plus_base.o
 .debug_loclists
                0x00000366      0x122 hpl/sysctrl/hpl_sysctrl.o
 .debug_loclists
                0x00000488       0x94 hpl/gclk/hpl_gclk.o
 .debug_loclists
                0x0000051c       0x5b main.o
 .debug_loclists
                0x00000577      0xcff driver_init.o
 .debug_loclists
                0x00001276       0x5b /usr/lib/gcc/arm-none-eabi/14.2.0/../../../../arm-none-eabi/lib/thumb/v6-m/nofp/libc_nano.a(libc_a-init.o)

.debug_aranges  0x00000000      0x250
 .debug_aranges
                0x00000000       0x28 samd21a/gcc/gcc/startup_samd21.o
 .debug_aranges
                0x00000028       0x38 hal/src/hal_delay.o
 .debug_aranges
                0x00000060       0x30 hpl/pm/hpl_pm.o
 .debug_aranges
                0x00000090       0x20 hpl/core/hpl_init.o
 .debug_aranges
                0x000000b0       0x80 hpl/core/hpl_core_m0plus_base.o
 .debug_aranges
                0x00000130       0x28 hpl/sysctrl/hpl_sysctrl.o
 .debug_aranges
                0x00000158       0x28 hpl/gclk/hpl_gclk.o
 .debug_aranges
                0x00000180       0x20 main.o
 .debug_aranges
                0x000001a0       0x30 driver_init.o
 .debug_aranges
                0x000001d0       0x20 atmel_start.o
 .debug_aranges
                0x000001f0       0x20 /usr/lib/gcc/arm-none-eabi/14.2.0/thumb/v6-m/nofp/libgcc.a(_udivsi3.o)
 .debug_aranges
                0x00000210       0x20 /usr/lib/gcc/arm-none-eabi/14.2.0/thumb/v6-m/nofp/libgcc.a(_dvmd_tls.o)
 .debug_aranges
                0x00000230       0x20 /usr/lib/gcc/arm-none-eabi/14.2.0/../../../../arm-none-eabi/lib/thumb/v6-m/nofp/libc_nano.a(libc_a-init.o)

.debug_rnglists
                0x00000000      0x325
 .debug_rnglists
                0x00000000       0x1a samd21a/gcc/gcc/startup_samd21.o
 .debug_rnglists
                0x0000001a       0x25 hal/src/hal_delay.o
 .debug_rnglists
                0x0000003f       0x37 hpl/pm/hpl_pm.o
 .debug_rnglists
                0x00000076       0x22 hpl/core/hpl_init.o
 .debug_rnglists
                0x00000098       0x76 hpl/core/hpl_core_m0plus_base.o
 .debug_rnglists
                0x0000010e       0x55 hpl/sysctrl/hpl_sysctrl.o
 .debug_rnglists
                0x00000163       0x19 hpl/gclk/hpl_gclk.o
 .debug_rnglists
                0x0000017c       0x25 main.o
 .debug_rnglists
                0x000001a1      0x15e driver_init.o
 .debug_rnglists
                0x000002ff       0x13 atmel_start.o
 .debug_rnglists
                0x00000312       0x13 /usr/lib/gcc/arm-none-eabi/14.2.0/../../../../arm-none-eabi/lib/thumb/v6-m/nofp/libc_nano.a(libc_a-init.o)

.debug_macro    0x00000000     0x39b7
 .debug_macro   0x00000000      0x2fc samd21a/gcc/gcc/startup_samd21.o
 .debug_macro   0x000002fc       0x39 samd21a/gcc/gcc/startup_samd21.o
 .debug_macro   0x00000335      0x45c hal/src/hal_delay.o
 .debug_macro   0x00000791      0x469 hpl/pm/hpl_pm.o
 .debug_macro   0x00000bfa       0x10 hpl/pm/hpl_pm.o
 .debug_macro   0x00000c0a       0x10 hpl/pm/hpl_pm.o
 .debug_macro   0x00000c1a       0x2e hpl/pm/hpl_pm.o
 .debug_macro   0x00000c48      0x4a4 hpl/core/hpl_init.o
 .debug_macro   0x000010ec       0x1c hpl/core/hpl_init.o
 .debug_macro   0x00001108      0x6ec hpl/core/hpl_init.o
 .debug_macro   0x000017f4      0x481 hpl/core/hpl_core_m0plus_base.o
 .debug_macro   0x00001c75       0xc9 hpl/core/hpl_core_m0plus_base.o
 .debug_macro   0x00001d3e      0x440 hpl/sysctrl/hpl_sysctrl.o
 .debug_macro   0x0000217e      0x2da hpl/sysctrl/hpl_sysctrl.o
 .debug_macro   0x00002458      0x446 hpl/gclk/hpl_gclk.o
 .debug_macro   0x0000289e      0x1f3 hpl/gclk/hpl_gclk.o
 .debug_macro   0x00002a91      0x4c2 main.o
 .debug_macro   0x00002f53       0xc4 main.o
 .debug_macro   0x00003017      0x4de driver_init.o
 .debug_macro   0x000034f5      0x4c2 atmel_start.o

.debug_line     0x00000000     0x5b0a
 .debug_line    0x00000000      0x53a samd21a/gcc/gcc/startup_samd21.o
 .debug_line    0x0000053a      0x794 hal/src/hal_delay.o
 .debug_line    0x00000cce      0x872 hpl/pm/hpl_pm.o
 .debug_line    0x00001540      0x805 hpl/core/hpl_init.o
 .debug_line    0x00001d45      0xa37 hpl/core/hpl_core_m0plus_base.o
 .debug_line    0x0000277c      0x8c7 hpl/sysctrl/hpl_sysctrl.o
 .debug_line    0x00003043      0x7ec hpl/gclk/hpl_gclk.o
 .debug_line    0x0000382f      0x828 main.o
 .debug_line    0x00004057     0x1128 driver_init.o
 .debug_line    0x0000517f      0x7c7 atmel_start.o
 .debug_line    0x00005946       0x61 /usr/lib/gcc/arm-none-eabi/14.2.0/thumb/v6-m/nofp/libgcc.a(_udivsi3.o)
 .debug_line    0x000059a7       0x4a /usr/lib/gcc/arm-none-eabi/14.2.0/thumb/v6-m/nofp/libgcc.a(_dvmd_tls.o)
 .debug_line    0x000059f1      0x119 /usr/lib/gcc/arm-none-eabi/14.2.0/../../../../arm-none-eabi/lib/thumb/v6-m/nofp/libc_nano.a(libc_a-init.o)

.debug_str      0x00000000    0x7bd28
 .debug_str     0x00000000    0x7bd28 samd21a/gcc/gcc/startup_samd21.o
                              0x6ea6f (size before relaxing)
 .debug_str     0x0007bd28    0x765eb hal/src/hal_delay.o
 .debug_str     0x0007bd28    0x76b6b hpl/pm/hpl_pm.o
 .debug_str     0x0007bd28    0x7800c hpl/core/hpl_init.o
 .debug_str     0x0007bd28    0x76ec3 hpl/core/hpl_core_m0plus_base.o
 .debug_str     0x0007bd28    0x77860 hpl/sysctrl/hpl_sysctrl.o
 .debug_str     0x0007bd28    0x76ea9 hpl/gclk/hpl_gclk.o
 .debug_str     0x0007bd28    0x76cdc main.o
 .debug_str     0x0007bd28    0x77433 driver_init.o
 .debug_str     0x0007bd28    0x76a66 atmel_start.o
 .debug_str     0x0007bd28       0xb9 /usr/lib/gcc/arm-none-eabi/14.2.0/thumb/v6-m/nofp/libgcc.a(_udivsi3.o)
 .debug_str     0x0007bd28       0xba /usr/lib/gcc/arm-none-eabi/14.2.0/thumb/v6-m/nofp/libgcc.a(_dvmd_tls.o)
 .debug_str     0x0007bd28      0x219 /usr/lib/gcc/arm-none-eabi/14.2.0/../../../../arm-none-eabi/lib/thumb/v6-m/nofp/libc_nano.a(libc_a-init.o)

.debug_frame    0x00000000      0x364
 .debug_frame   0x00000000       0x3c samd21a/gcc/gcc/startup_samd21.o
 .debug_frame   0x0000003c       0x68 hal/src/hal_delay.o
 .debug_frame   0x000000a4       0x40 hpl/pm/hpl_pm.o
 .debug_frame   0x000000e4       0x28 hpl/core/hpl_init.o
 .debug_frame   0x0000010c       0xfc hpl/core/hpl_core_m0plus_base.o
 .debug_frame   0x00000208       0x30 hpl/sysctrl/hpl_sysctrl.o
 .debug_frame   0x00000238       0x30 hpl/gclk/hpl_gclk.o
 .debug_frame   0x00000268       0x2c main.o
 .debug_frame   0x00000294       0x5c driver_init.o
 .debug_frame   0x000002f0       0x28 atmel_start.o
 .debug_frame   0x00000318       0x20 /usr/lib/gcc/arm-none-eabi/14.2.0/thumb/v6-m/nofp/libgcc.a(_udivsi3.o)
 .debug_frame   0x00000338       0x2c /usr/lib/gcc/arm-none-eabi/14.2.0/../../../../arm-none-eabi/lib/thumb/v6-m/nofp/libc_nano.a(libc_a-init.o)

.debug_line_str
                0x00000000       0x92
 .debug_line_str
                0x00000000       0x92 /usr/lib/gcc/arm-none-eabi/14.2.0/thumb/v6-m/nofp/libgcc.a(_udivsi3.o)
 .debug_line_str
                0x00000092       0x92 /usr/lib/gcc/arm-none-eabi/14.2.0/thumb/v6-m/nofp/libgcc.a(_dvmd_tls.o)
